// Jest Snapshot v1, https://goo.gl/fbAQLP

exports[`test att players dashboard should be show the dashboard 1`] = `
<div>
  <div
    aria-label="dashboardApp"
    class="container"
  >
    <div
      class="row"
    >
      <div
        class="col-md-6"
      >
        <div
          class="card"
        >
          <img
            alt="..."
            class="card-img-top"
            src=""
          />
          <div
            class="card-body"
          >
            <h5
              class="card-title"
            >
              Register Player
            </h5>
            <p
              class="card-text"
            >
              Register a new player
            </p>
            <a
              class="btn btn-primary"
              href="/player-register"
            >
              Register
            </a>
          </div>
        </div>
      </div>
      <div
        class="col-md-6"
      >
        <div
          class="card"
        >
          <img
            alt="..."
            class="card-img-top"
            src=""
          />
          <div
            class="card-body"
          >
            <h5
              class="card-title"
            >
              Register Player
            </h5>
            <p
              class="card-text"
            >
              Register a new player
            </p>
            <a
              class="btn btn-primary"
              href="/players"
            >
              Register
            </a>
          </div>
        </div>
      </div>
    </div>
  </div>
</div>
`;

exports[`test att players dashboard should be show the dashboard equals 1`] = `
<div>
  <div
    aria-label="dashboardApp"
    class="container"
  >
    <div
      class="row"
    >
      <div
        class="col-md-6"
      >
        <div
          class="card"
        >
          <img
            alt="..."
            class="card-img-top"
            src=""
          />
          <div
            class="card-body"
          >
            <h5
              class="card-title"
            >
              Register Player
            </h5>
            <p
              class="card-text"
            >
              Register a new player
            </p>
            <a
              class="btn btn-primary"
              href="/player-register"
            >
              Register
            </a>
          </div>
        </div>
      </div>
      <div
        class="col-md-6"
      >
        <div
          class="card"
        >
          <img
            alt="..."
            class="card-img-top"
            src=""
          />
          <div
            class="card-body"
          >
            <h5
              class="card-title"
            >
              Register Player
            </h5>
            <p
              class="card-text"
            >
              Register a new player
            </p>
            <a
              class="btn btn-primary"
              href="/players"
            >
              Register
            </a>
          </div>
        </div>
      </div>
    </div>
  </div>
</div>
`;
